
[TestCorpusLayoutSnapshot - 1]
 fizzle studio                                                                                                         <workspace>/Drums.fzf
┌──────────────────────────────────────────────────────────────────────────────────────────────────────────────────────────────┐ ┌───┐
│ Layout   <workspace>/Drums.fzf   (4 banks, 24 voices)                                                                        │ │ W │
│                                                                                                                              │ │ P │
│     bank    name     areas                                                                                                   │ │ L │
│  ▶  Bank 1  DRUMS 1  (61 areas)                                                                                              │ │ S │
│     Bank 2  DRUMS 2  (61 areas)                                                                                              │ └───┘
│     Bank 3  DRUMS 3  (30 areas)                                                                                              │
│     Bank 4  DRUMS 4  (29 areas)                                                                                              │ Free: 267 KB
│     Bank 5  (empty)                                                                                                          │
│     Bank 6  (empty)                                                                                                          │
│     Bank 7  (empty)                                                                                                          │
│     Bank 8  (empty)                                                                                                          │
│                                                                                                                              │
│ up/down move  •  enter open  •  r rename  •  f effects  •  del clear bank                                                    │
│                                                                                                                              │
│ A bank groups up to 64 Areas, each mapping a key and velocity range to a voice. Empty banks fill in on first assignment.     │
│                                                                                                                              │
│                                                                                                                              │
│                                                                                                                              │
│                                                                                                                              │
│                                                                                                                              │
│                                                                                                                              │
└──────────────────────────────────────────────────────────────────────────────────────────────────────────────────────────────┘


shift+up/down spaces  •  ctrl-s save  •  ctrl-z/y undo/redo  •  ? help  •  ctrl-q quit
---

[TestTooSmallSnapshot - 1]











                                        fizzle studio
                                        Casio FZ series sampler disk editor (FZ-1, FZ-10M, FZ-20M)

                                        Studio requires 140 columns by 30 rows.
                                        Current: 139 by 29.
                                        Resize the terminal to continue, or press Ctrl-Q to quit.
---
